VtlFile:nofile.vm
  DirectiveSet
    PsiElement(#SET)('#set')
    PsiElement(()('(')
    PsiElement($)('$')
    ReferenceExpression
      PsiElement(identifier)('mytext')
    PsiElement(=)('=')
    DoubleQuotedText
      PsiElement(")('"')
      DirectiveIf
        PsiElement(#IF)('#if')
        PsiElement(()('(')
        BinaryExpression
          Interpolation
            PsiElement($)('$')
            ReferenceExpression
              PsiElement(identifier)('var1')
          PsiElement(LT)('<')
          IntegerLiteral
            PsiElement(number)('5')
        PsiElement())(')')
        PsiElement(TEMPLATE_TEXT)('\r\n!!!\r\n')
        DirectiveElse
          PsiElement(#ELSE)('#else')
          PsiElement(TEMPLATE_TEXT)('\r\n???\r\n')
        PsiElement(#END)('#end')
      PsiElement(TEMPLATE_TEXT)('\r\n')
      PsiElement(")('"')
    PsiElement())(')')
  PsiElement(TEMPLATE_TEXT)('\r\n')
