#macro(macro1 $p) #end
#set($myvar = '')
#set($var = $myvar<caret>)