#* @vtlvariable name="foo" type="my.pack.MyClass" *#
#set($foo.prop<caret> = 4)