#* @vtlvariable name="someVar" type="" *#
#set($someVar<caret>)