#macro(n<caret>ewName $oldparam1 $param2)

#foreach($forVar in ${oldparam1})
${forVar}
#end
$param2
#end

#newName([1, 2], "bye-bye")
!!
