#macro(newName $oldparam1 $param2)

#foreach($forVar in ${oldparam1})
${forVar}
#end
$param2
#end

#<caret>newName([1, 2], "bye-bye")
!!
