asd fsd f
<selection>#* asdhf lk *#</selection>

asd fnjksdhl;
