#* @implicitly included *#
#* @vtlmacrolibrary path="macroLibraryForTests.vm" *#
