#* @implicitly included *#
#* @vtlvariable name="foo" type="" file="defineVariableExternallyLocal.test.vm" *#
