#* @vtlvariable name="someVar" type="my.pack<caret>" *#