#* @vtlvariable name="foo" type="my.pack.MyClass" *#
${foo.meth1(<caret>)}