#* @vtlvariable name="foo" type="my.pack.MyClass" *#
${foo.x<caret>}