#SET ('#set')
( ('(')
WHITE_SPACE (' ')
$ ('$')
identifier ('customerData')
WHITE_SPACE (' ')
= ('=')
WHITE_SPACE (' ')
[ ('[')
number ('1')
, (',')
WHITE_SPACE (' ')
number ('2')
, (',')
WHITE_SPACE (' ')
" ('"')
STRING_TEXT ('3')
" ('"')
, (',')
WHITE_SPACE (' ')
" ('"')
$ ('$')
identifier ('a')
$ ('$')
identifier ('b')
" ('"')
] (']')
WHITE_SPACE (' ')
) (')')
TEMPLATE_TEXT ('

')
