#* @vtlvariable name="foo" type="my.pack.MyClass" *#
$foo.returnNew().returnNew().r<caret>eturnNew()