#macro(OldMacro $newName $param2)

#foreach($forVar in ${<caret>newName})
${forVar}
#end
$param2
#end

#OldMacro([1, 2], "bye-bye")
!!
