#* @vtlvariable name="n<caret>ewName" type="java.lang.Integer" *#
${newName}